Unity Editor version:    6000.0.34f1 (5ab2d9ed9190)
Branch:                  6000.0/staging
Build type:              Release
Batch mode:              YES
macOS version:           Version 15.0.1 (Build 24A348)
Darwin version:          24.0.0
Architecture:            x86_64
Running under Rosetta:   YES
Available memory:        16384 MB
Using pre-set license
Pro License: YES

COMMAND LINE ARGUMENTS:
/Applications/Unity/Hub/Editor/6000.0.34f1/Unity.app/Contents/MacOS/Unity
-adb2
-batchMode
-noUpm
-name
AssetImportWorker1
-projectPath
/Users/sammillay/Desktop/Alchemy/Alchemy
-logFile
Logs/AssetImportWorker1.log
-srvPort
54121
-job-worker-count
5
-background-job-worker-count
8
-gc-helper-count
1
Successfully changed project path to: /Users/sammillay/Desktop/Alchemy/Alchemy
/Users/sammillay/Desktop/Alchemy/Alchemy
[UnityMemory] Configuration Parameters - Can be set up in boot.config
    "memorysetup-bucket-allocator-granularity=16"
    "memorysetup-bucket-allocator-bucket-count=8"
    "memorysetup-bucket-allocator-block-size=33554432"
    "memorysetup-bucket-allocator-block-count=8"
    "memorysetup-main-allocator-block-size=16777216"
    "memorysetup-thread-allocator-block-size=16777216"
    "memorysetup-gfx-main-allocator-block-size=16777216"
    "memorysetup-gfx-thread-allocator-block-size=16777216"
    "memorysetup-cache-allocator-block-size=4194304"
    "memorysetup-typetree-allocator-block-size=2097152"
    "memorysetup-profiler-bucket-allocator-granularity=16"
    "memorysetup-profiler-bucket-allocator-bucket-count=8"
    "memorysetup-profiler-bucket-allocator-block-size=33554432"
    "memorysetup-profiler-bucket-allocator-block-count=8"
    "memorysetup-profiler-allocator-block-size=16777216"
    "memorysetup-profiler-editor-allocator-block-size=1048576"
    "memorysetup-temp-allocator-size-main=16777216"
    "memorysetup-job-temp-allocator-block-size=2097152"
    "memorysetup-job-temp-allocator-block-size-background=1048576"
    "memorysetup-job-temp-allocator-reduction-small-platforms=262144"
    "memorysetup-allocator-temp-initial-block-size-main=262144"
    "memorysetup-allocator-temp-initial-block-size-worker=262144"
    "memorysetup-temp-allocator-size-background-worker=32768"
    "memorysetup-temp-allocator-size-job-worker=262144"
    "memorysetup-temp-allocator-size-preload-manager=33554432"
    "memorysetup-temp-allocator-size-nav-mesh-worker=65536"
    "memorysetup-temp-allocator-size-audio-worker=65536"
    "memorysetup-temp-allocator-size-cloud-worker=32768"
    "memorysetup-temp-allocator-size-gi-baking-worker=262144"
    "memorysetup-temp-allocator-size-gi-baking-worker=262144"
    "memorysetup-temp-allocator-size-gi-baking-worker=262144"
    "memorysetup-temp-allocator-size-gi-baking-worker=262144"
    "memorysetup-temp-allocator-size-gi-baking-worker=262144"
    "memorysetup-temp-allocator-size-gfx=262144"
Player connection [8754381312]  Target information:

Player connection [8754381312]  * "[IP] 192.168.244.105 [Port] 0 [Flags] 2 [Guid] 1394855084 [EditorId] 1394855084 [Version] 1048832 [Id] OSXEditor(0,MacBook-Pro-37.local) [Debug] 1 [PackageName] OSXEditor [ProjectName] Editor" 

Player connection [8754381312] Host joined multi-casting on [225.0.0.222:54997]...
Player connection [8754381312] Host joined alternative multi-casting on [225.0.0.222:34997]...
JobSystem: Creating JobQueue using job-worker-count value 5
Input System module state changed to: Initialized.
[Physics::Module] Initialized fallback backend.
[Physics::Module] Id: 0xdecafbad
Library Redirect Path: Library/
[Physics::Module] Selected backend.
[Physics::Module] Name: PhysX
[Physics::Module] Id: 0xf2b8ea05
[Physics::Module] SDK Version: 4.1.2
[Physics::Module] Integration Version: 1.0.0
[Physics::Module] Threading Mode: Multi-Threaded
Refreshing native plugins compatible for Editor in 1.86 ms, found 2 plugins.
Preloading 0 native plugins for Editor in 0.00 ms.
Initialize engine version: 6000.0.34f1 (5ab2d9ed9190)
[Subsystems] Discovering subsystems at path /Applications/Unity/Hub/Editor/6000.0.34f1/Unity.app/Contents/Resources/UnitySubsystems
[Subsystems] Discovering subsystems at path /Users/sammillay/Desktop/Alchemy/Alchemy/Assets
GfxDevice: creating device client; kGfxThreadingModeNonThreaded
 preferred device: Apple M2 Pro (high power)
Metal devices available: 1
0: Apple M2 Pro (high power)
Using device Apple M2 Pro (high power)
Initializing Metal device caps: Apple M2 Pro
Initialize mono
Mono path[0] = '/Applications/Unity/Hub/Editor/6000.0.34f1/Unity.app/Contents/Managed'
Mono path[1] = '/Applications/Unity/Hub/Editor/6000.0.34f1/Unity.app/Contents/MonoBleedingEdge/lib/mono/unityjit-macos'
Mono config path = '/Applications/Unity/Hub/Editor/6000.0.34f1/Unity.app/Contents/MonoBleedingEdge/etc'
Using monoOptions --debugger-agent=transport=dt_socket,embedding=1,server=y,suspend=n,address=127.0.0.1:56065
Begin MonoManager ReloadAssembly
Registering precompiled unity dll's ...
Register platform support module: /Applications/Unity/Hub/Editor/6000.0.34f1/Unity.app/Contents/PlaybackEngines/MacStandaloneSupport/UnityEditor.OSXStandalone.Extensions.dll
Register platform support module: /Applications/Unity/Hub/Editor/6000.0.34f1/PlaybackEngines/WindowsStandaloneSupport/UnityEditor.WindowsStandalone.Extensions.dll
Registered in 0.003274 seconds.
- Loaded All Assemblies, in  0.798 seconds
Native extension for WindowsStandalone target not found
Native extension for OSXStandalone target not found
Mono: successfully reloaded assembly
- Finished resetting the current domain, in  2.216 seconds
Domain Reload Profiling: 3016ms
	BeginReloadAssembly (295ms)
		ExecutionOrderSort (0ms)
		DisableScriptedObjects (0ms)
		BackupInstance (0ms)
		ReleaseScriptingObjects (0ms)
		CreateAndSetChildDomain (4ms)
	RebuildCommonClasses (55ms)
	RebuildNativeTypeToScriptingClass (17ms)
	initialDomainReloadingComplete (179ms)
	LoadAllAssembliesAndSetupDomain (252ms)
		LoadAssemblies (292ms)
		RebuildTransferFunctionScriptingTraits (0ms)
		AnalyzeDomain (240ms)
			TypeCache.Refresh (236ms)
				TypeCache.ScanAssembly (217ms)
			BuildScriptInfoCaches (0ms)
			ResolveRequiredComponents (3ms)
	FinalizeReload (2218ms)
		ReleaseScriptCaches (0ms)
		RebuildScriptCaches (0ms)
		SetupLoadedEditorAssemblies (2115ms)
			LogAssemblyErrors (0ms)
			InitializePlatformSupportModulesInManaged (302ms)
			SetLoadedEditorAssemblies (17ms)
			BeforeProcessingInitializeOnLoad (414ms)
			ProcessInitializeOnLoadAttributes (870ms)
			ProcessInitializeOnLoadMethodAttributes (511ms)
			AfterProcessingInitializeOnLoad (0ms)
			EditorAssembliesLoaded (0ms)
		ExecutionOrderSort2 (0ms)
		AwakeInstancesAfterBackupRestoration (0ms)
========================================================================
Worker process is ready to serve import requests
Import Worker Mode flag is 0x00
Begin MonoManager ReloadAssembly
- Loaded All Assemblies, in  1.398 seconds
Refreshing native plugins compatible for Editor in 0.43 ms, found 2 plugins.
Native extension for WindowsStandalone target not found
Native extension for OSXStandalone target not found
Mono: successfully reloaded assembly
- Finished resetting the current domain, in  3.140 seconds
Domain Reload Profiling: 4539ms
	BeginReloadAssembly (404ms)
		ExecutionOrderSort (0ms)
		DisableScriptedObjects (55ms)
		BackupInstance (0ms)
		ReleaseScriptingObjects (0ms)
		CreateAndSetChildDomain (60ms)
	RebuildCommonClasses (53ms)
	RebuildNativeTypeToScriptingClass (16ms)
	initialDomainReloadingComplete (138ms)
	LoadAllAssembliesAndSetupDomain (787ms)
		LoadAssemblies (660ms)
		RebuildTransferFunctionScriptingTraits (0ms)
		AnalyzeDomain (301ms)
			TypeCache.Refresh (209ms)
				TypeCache.ScanAssembly (190ms)
			BuildScriptInfoCaches (72ms)
			ResolveRequiredComponents (16ms)
	FinalizeReload (3142ms)
		ReleaseScriptCaches (0ms)
		RebuildScriptCaches (0ms)
		SetupLoadedEditorAssemblies (2722ms)
			LogAssemblyErrors (0ms)
			InitializePlatformSupportModulesInManaged (16ms)
			SetLoadedEditorAssemblies (11ms)
			BeforeProcessingInitializeOnLoad (487ms)
			ProcessInitializeOnLoadAttributes (2049ms)
			ProcessInitializeOnLoadMethodAttributes (159ms)
			AfterProcessingInitializeOnLoad (1ms)
			EditorAssembliesLoaded (0ms)
		ExecutionOrderSort2 (0ms)
		AwakeInstancesAfterBackupRestoration (13ms)
Launching external process: /Applications/Unity/Hub/Editor/6000.0.34f1/Unity.app/Contents/Tools/UnityShaderCompiler
Launched and connected shader compiler UnityShaderCompiler after 0.10 seconds
Refreshing native plugins compatible for Editor in 0.69 ms, found 2 plugins.
Preloading 0 native plugins for Editor in 0.00 ms.
Unloading 8 Unused Serialized files (Serialized files now loaded: 0)
Unloading 3775 unused Assets / (1.0 MB). Loaded Objects now: 4262.
Memory consumption went from 78.1 MB to 77.1 MB.
Total: 7.863166 ms (FindLiveObjects: 0.831584 ms CreateObjectMapping: 0.240709 ms MarkObjects: 5.136000 ms  DeleteObjects: 1.654250 ms)

========================================================================
Received Import Request.
  Time since last request: 3786577.270818 seconds.
  path: Assets/Dungeon/LowPolyDungeon/Prefabs/Lamps/Candlestick_Small.prefab
  artifactKey: Guid(bf7a7fc00791eb945a5412768a68fffc) Importer(815301076,1909f56bfc062723c751e8b465ee728b)
Start importing Assets/Dungeon/LowPolyDungeon/Prefabs/Lamps/Candlestick_Small.prefab using Guid(bf7a7fc00791eb945a5412768a68fffc) Importer(815301076,1909f56bfc062723c751e8b465ee728b) (PreviewImporter) -> (artifact id: '40b277ed9f93f46bbd09750bbead1699') in 0.775265792 seconds
Number of updated asset objects reloaded before import = 0Number of asset objects unloaded after import = 18

========================================================================
Received Import Request.
  Time since last request: 0.000424 seconds.
  path: Assets/Dungeon/LowPolyDungeon/Prefabs/Lamps/Torch.prefab
  artifactKey: Guid(98ba86548ddcd664e9df1d008a5c8f97) Importer(815301076,1909f56bfc062723c751e8b465ee728b)
Start importing Assets/Dungeon/LowPolyDungeon/Prefabs/Lamps/Torch.prefab using Guid(98ba86548ddcd664e9df1d008a5c8f97) Importer(815301076,1909f56bfc062723c751e8b465ee728b) (PreviewImporter) -> (artifact id: 'a293f6595bf6d9f6e486e7913fa4a7ff') in 0.798286292 seconds
Number of updated asset objects reloaded before import = 0Number of asset objects unloaded after import = 15

========================================================================
Received Import Request.
  Time since last request: 1.586047 seconds.
  path: Assets/Dungeon/LowPolyDungeon/Prefabs/Furniture/Banner.prefab
  artifactKey: Guid(ad4bcbbca7d5fde4cbaa62e8f9296dd9) Importer(815301076,1909f56bfc062723c751e8b465ee728b)
Start importing Assets/Dungeon/LowPolyDungeon/Prefabs/Furniture/Banner.prefab using Guid(ad4bcbbca7d5fde4cbaa62e8f9296dd9) Importer(815301076,1909f56bfc062723c751e8b465ee728b) (PreviewImporter) -> (artifact id: 'c292a7ea70563dda0634c1c9a44c65f7') in 0.00776725 seconds
Number of updated asset objects reloaded before import = 0Number of asset objects unloaded after import = 11

========================================================================
Received Import Request.
  Time since last request: 0.000053 seconds.
  path: Assets/Dungeon/LowPolyDungeon/Prefabs/Furniture/Barrel_Big.prefab
  artifactKey: Guid(d4fdeae2fb6f5d245b9a6116920d503e) Importer(815301076,1909f56bfc062723c751e8b465ee728b)
Start importing Assets/Dungeon/LowPolyDungeon/Prefabs/Furniture/Barrel_Big.prefab using Guid(d4fdeae2fb6f5d245b9a6116920d503e) Importer(815301076,1909f56bfc062723c751e8b465ee728b) (PreviewImporter) -> (artifact id: 'caddd83013f4e98038cbcfcd26274d38') in 0.007337042 seconds
Number of updated asset objects reloaded before import = 0Number of asset objects unloaded after import = 11

========================================================================
Received Import Request.
  Time since last request: 0.000048 seconds.
  path: Assets/Dungeon/LowPolyDungeon/Prefabs/Furniture/Shelf_Wall.prefab
  artifactKey: Guid(559f839e0f294cf499731ff6070352ac) Importer(815301076,1909f56bfc062723c751e8b465ee728b)
Start importing Assets/Dungeon/LowPolyDungeon/Prefabs/Furniture/Shelf_Wall.prefab using Guid(559f839e0f294cf499731ff6070352ac) Importer(815301076,1909f56bfc062723c751e8b465ee728b) (PreviewImporter) -> (artifact id: '8b034a4df540ea9a5fc05910b1b7acc6') in 0.006749 seconds
Number of updated asset objects reloaded before import = 0Number of asset objects unloaded after import = 10

========================================================================
Received Import Request.
  Time since last request: 0.000062 seconds.
  path: Assets/Dungeon/LowPolyDungeon/Prefabs/Furniture/Table_Big.prefab
  artifactKey: Guid(0a7f51b5f4ba6294a889f661114da0d3) Importer(815301076,1909f56bfc062723c751e8b465ee728b)
Start importing Assets/Dungeon/LowPolyDungeon/Prefabs/Furniture/Table_Big.prefab using Guid(0a7f51b5f4ba6294a889f661114da0d3) Importer(815301076,1909f56bfc062723c751e8b465ee728b) (PreviewImporter) -> (artifact id: '9204ed20fc7f56b62a89ec368e17623b') in 0.007616875 seconds
Number of updated asset objects reloaded before import = 0Number of asset objects unloaded after import = 10

========================================================================
Received Import Request.
  Time since last request: 0.000045 seconds.
  path: Assets/Dungeon/LowPolyDungeon/Prefabs/Furniture/Barrel_Open.prefab
  artifactKey: Guid(591bed4d8c69b824c81e7261d794d9f5) Importer(815301076,1909f56bfc062723c751e8b465ee728b)
Start importing Assets/Dungeon/LowPolyDungeon/Prefabs/Furniture/Barrel_Open.prefab using Guid(591bed4d8c69b824c81e7261d794d9f5) Importer(815301076,1909f56bfc062723c751e8b465ee728b) (PreviewImporter) -> (artifact id: 'c7c970e03c6326e694d6338fc298157d') in 0.00798825 seconds
Number of updated asset objects reloaded before import = 0Number of asset objects unloaded after import = 11

========================================================================
Received Import Request.
  Time since last request: 0.000058 seconds.
  path: Assets/Dungeon/LowPolyDungeon/Prefabs/Furniture/Chair.prefab
  artifactKey: Guid(dc02f77b0506f764c9d22c61c681c4af) Importer(815301076,1909f56bfc062723c751e8b465ee728b)
Start importing Assets/Dungeon/LowPolyDungeon/Prefabs/Furniture/Chair.prefab using Guid(dc02f77b0506f764c9d22c61c681c4af) Importer(815301076,1909f56bfc062723c751e8b465ee728b) (PreviewImporter) -> (artifact id: 'f5be15a8d6c8bd30b4996369824c2433') in 0.263569584 seconds
Number of updated asset objects reloaded before import = 0Number of asset objects unloaded after import = 10

========================================================================
Received Import Request.
  Time since last request: 0.000093 seconds.
  path: Assets/Dungeon/LowPolyDungeon/Prefabs/Furniture/Desk.prefab
  artifactKey: Guid(06b9d15b7d33e854cb23fe58a33238aa) Importer(815301076,1909f56bfc062723c751e8b465ee728b)
Start importing Assets/Dungeon/LowPolyDungeon/Prefabs/Furniture/Desk.prefab using Guid(06b9d15b7d33e854cb23fe58a33238aa) Importer(815301076,1909f56bfc062723c751e8b465ee728b) (PreviewImporter) -> (artifact id: '71ce4de287179a3f5cf049c5361b1ccf') in 0.007720459 seconds
Number of updated asset objects reloaded before import = 0Number of asset objects unloaded after import = 26

========================================================================
Received Import Request.
  Time since last request: 0.000042 seconds.
  path: Assets/Dungeon/LowPolyDungeon/Prefabs/Furniture/Table_Small.prefab
  artifactKey: Guid(ce285a7430946e24ca0a9218777a7805) Importer(815301076,1909f56bfc062723c751e8b465ee728b)
Start importing Assets/Dungeon/LowPolyDungeon/Prefabs/Furniture/Table_Small.prefab using Guid(ce285a7430946e24ca0a9218777a7805) Importer(815301076,1909f56bfc062723c751e8b465ee728b) (PreviewImporter) -> (artifact id: 'c795701907ad0c9b86e475508b1f243d') in 0.005521542 seconds
Number of updated asset objects reloaded before import = 0Number of asset objects unloaded after import = 10

========================================================================
Received Import Request.
  Time since last request: 10.630387 seconds.
  path: Assets/Dungeon/LowPolyDungeon/Prefabs/Tiles/Balcony_Railing.prefab
  artifactKey: Guid(112473a489e4f4e47b0127b8a56f8582) Importer(815301076,1909f56bfc062723c751e8b465ee728b)
Start importing Assets/Dungeon/LowPolyDungeon/Prefabs/Tiles/Balcony_Railing.prefab using Guid(112473a489e4f4e47b0127b8a56f8582) Importer(815301076,1909f56bfc062723c751e8b465ee728b) (PreviewImporter) -> (artifact id: '35edaeaef6a69183a3962864b681a2f4') in 0.011061167 seconds
Number of updated asset objects reloaded before import = 0Number of asset objects unloaded after import = 11

========================================================================
Received Import Request.
  Time since last request: 0.000066 seconds.
  path: Assets/Dungeon/LowPolyDungeon/Prefabs/Tiles/Basement_Var1.prefab
  artifactKey: Guid(7b9bd4ff48795cf42b9f4a6c3b8a49c1) Importer(815301076,1909f56bfc062723c751e8b465ee728b)
Start importing Assets/Dungeon/LowPolyDungeon/Prefabs/Tiles/Basement_Var1.prefab using Guid(7b9bd4ff48795cf42b9f4a6c3b8a49c1) Importer(815301076,1909f56bfc062723c751e8b465ee728b) (PreviewImporter) -> (artifact id: '9384f2e3e3df4a00dbb6d29ab5838343') in 0.224328834 seconds
Number of updated asset objects reloaded before import = 0Number of asset objects unloaded after import = 16

========================================================================
Received Import Request.
  Time since last request: 0.000059 seconds.
  path: Assets/Dungeon/LowPolyDungeon/Prefabs/Tiles/Dungeon_Custom_Corner_Inverted.prefab
  artifactKey: Guid(867c307861a2f9244bc4a3434c515f1c) Importer(815301076,1909f56bfc062723c751e8b465ee728b)
Start importing Assets/Dungeon/LowPolyDungeon/Prefabs/Tiles/Dungeon_Custom_Corner_Inverted.prefab using Guid(867c307861a2f9244bc4a3434c515f1c) Importer(815301076,1909f56bfc062723c751e8b465ee728b) (PreviewImporter) -> (artifact id: 'b80643362fefa17712d8b692dc972766') in 0.008236542 seconds
Number of updated asset objects reloaded before import = 0Number of asset objects unloaded after import = 12

========================================================================
Received Import Request.
  Time since last request: 0.000054 seconds.
  path: Assets/Dungeon/LowPolyDungeon/Prefabs/Tiles/Basement_Passage_Mix.prefab
  artifactKey: Guid(239723035b399824caf9644a73d51459) Importer(815301076,1909f56bfc062723c751e8b465ee728b)
Start importing Assets/Dungeon/LowPolyDungeon/Prefabs/Tiles/Basement_Passage_Mix.prefab using Guid(239723035b399824caf9644a73d51459) Importer(815301076,1909f56bfc062723c751e8b465ee728b) (PreviewImporter) -> (artifact id: 'b8773bbffab1ca4486ac0965db88e0c5') in 0.007148459 seconds
Number of updated asset objects reloaded before import = 0Number of asset objects unloaded after import = 13

========================================================================
Received Import Request.
  Time since last request: 0.000064 seconds.
  path: Assets/Dungeon/LowPolyDungeon/Prefabs/Tiles/Basement_Wall_Var2.prefab
  artifactKey: Guid(d157978297aa03d40bfe76f9decb9828) Importer(815301076,1909f56bfc062723c751e8b465ee728b)
Start importing Assets/Dungeon/LowPolyDungeon/Prefabs/Tiles/Basement_Wall_Var2.prefab using Guid(d157978297aa03d40bfe76f9decb9828) Importer(815301076,1909f56bfc062723c751e8b465ee728b) (PreviewImporter) -> (artifact id: '861a4924fc20bb04118b5a44c3e743b9') in 0.006845916 seconds
Number of updated asset objects reloaded before import = 0Number of asset objects unloaded after import = 13

========================================================================
Received Import Request.
  Time since last request: 0.000050 seconds.
  path: Assets/Dungeon/LowPolyDungeon/Prefabs/Tiles/DoorGate_Wooden_Left.prefab
  artifactKey: Guid(f5e4cf5af47ee60418f92554c028a4ce) Importer(815301076,1909f56bfc062723c751e8b465ee728b)
Start importing Assets/Dungeon/LowPolyDungeon/Prefabs/Tiles/DoorGate_Wooden_Left.prefab using Guid(f5e4cf5af47ee60418f92554c028a4ce) Importer(815301076,1909f56bfc062723c751e8b465ee728b) (PreviewImporter) -> (artifact id: 'fceeb22038dafb1e9671a248156d5b3e') in 0.007310125 seconds
Number of updated asset objects reloaded before import = 0Number of asset objects unloaded after import = 12

========================================================================
Received Import Request.
  Time since last request: 0.000052 seconds.
  path: Assets/Dungeon/LowPolyDungeon/Prefabs/Tiles/Basement_Var3.prefab
  artifactKey: Guid(e8782814328328c44b5fd078c06fbe10) Importer(815301076,1909f56bfc062723c751e8b465ee728b)
Start importing Assets/Dungeon/LowPolyDungeon/Prefabs/Tiles/Basement_Var3.prefab using Guid(e8782814328328c44b5fd078c06fbe10) Importer(815301076,1909f56bfc062723c751e8b465ee728b) (PreviewImporter) -> (artifact id: 'f51c13d17a755106109403891d1fbd3b') in 0.00802075 seconds
Number of updated asset objects reloaded before import = 0Number of asset objects unloaded after import = 15

========================================================================
Received Import Request.
  Time since last request: 0.000033 seconds.
  path: Assets/Dungeon/LowPolyDungeon/Prefabs/Tiles/Door_Basement_Right.prefab
  artifactKey: Guid(16efa409f7809d6499a20bf293c5df05) Importer(815301076,1909f56bfc062723c751e8b465ee728b)
Start importing Assets/Dungeon/LowPolyDungeon/Prefabs/Tiles/Door_Basement_Right.prefab using Guid(16efa409f7809d6499a20bf293c5df05) Importer(815301076,1909f56bfc062723c751e8b465ee728b) (PreviewImporter) -> (artifact id: '46a7d2a988b9049216e180b396099164') in 0.005990916 seconds
Number of updated asset objects reloaded before import = 0Number of asset objects unloaded after import = 11

========================================================================
Received Import Request.
  Time since last request: 0.000052 seconds.
  path: Assets/Dungeon/LowPolyDungeon/Prefabs/Tiles/Dungeon_Big_Wall.prefab
  artifactKey: Guid(3ef94e73d5607784fbcbba8de4155b1e) Importer(815301076,1909f56bfc062723c751e8b465ee728b)
Start importing Assets/Dungeon/LowPolyDungeon/Prefabs/Tiles/Dungeon_Big_Wall.prefab using Guid(3ef94e73d5607784fbcbba8de4155b1e) Importer(815301076,1909f56bfc062723c751e8b465ee728b) (PreviewImporter) -> (artifact id: 'aae1512536d9550ab270cf912b017408') in 0.006128083 seconds
Number of updated asset objects reloaded before import = 0Number of asset objects unloaded after import = 11

========================================================================
Received Import Request.
  Time since last request: 0.000062 seconds.
  path: Assets/Dungeon/LowPolyDungeon/Prefabs/Tiles/Basement_Wall_Var3.prefab
  artifactKey: Guid(3095027673429ac43888f84f7de0b80e) Importer(815301076,1909f56bfc062723c751e8b465ee728b)
Start importing Assets/Dungeon/LowPolyDungeon/Prefabs/Tiles/Basement_Wall_Var3.prefab using Guid(3095027673429ac43888f84f7de0b80e) Importer(815301076,1909f56bfc062723c751e8b465ee728b) (PreviewImporter) -> (artifact id: 'a92b28eb0da8e7fc3c88c8d97f6d00cf') in 0.00716075 seconds
Number of updated asset objects reloaded before import = 0Number of asset objects unloaded after import = 12

========================================================================
Received Import Request.
  Time since last request: 0.000289 seconds.
  path: Assets/Dungeon/LowPolyDungeon/Prefabs/Tiles/Dungeon_CornerCrossing.prefab
  artifactKey: Guid(dd7a26e18353799418d77212cc3275fe) Importer(815301076,1909f56bfc062723c751e8b465ee728b)
Start importing Assets/Dungeon/LowPolyDungeon/Prefabs/Tiles/Dungeon_CornerCrossing.prefab using Guid(dd7a26e18353799418d77212cc3275fe) Importer(815301076,1909f56bfc062723c751e8b465ee728b) (PreviewImporter) -> (artifact id: '1b8f220dd185f863f98cb6cc76721790') in 0.011022042 seconds
Number of updated asset objects reloaded before import = 0Number of asset objects unloaded after import = 12

========================================================================
Received Import Request.
  Time since last request: 0.000072 seconds.
  path: Assets/Dungeon/LowPolyDungeon/Prefabs/Tiles/Door_Wooden_Round_Right.prefab
  artifactKey: Guid(15745f8b70e5d524183539fa272d90a3) Importer(815301076,1909f56bfc062723c751e8b465ee728b)
Start importing Assets/Dungeon/LowPolyDungeon/Prefabs/Tiles/Door_Wooden_Round_Right.prefab using Guid(15745f8b70e5d524183539fa272d90a3) Importer(815301076,1909f56bfc062723c751e8b465ee728b) (PreviewImporter) -> (artifact id: '15484c479705cda376219364be3112c2') in 0.008521667 seconds
Number of updated asset objects reloaded before import = 0Number of asset objects unloaded after import = 12

========================================================================
Received Import Request.
  Time since last request: 0.000057 seconds.
  path: Assets/Dungeon/LowPolyDungeon/Prefabs/Tiles/Door_Iron_Left.prefab
  artifactKey: Guid(03020aab9adeeb54f9194380cf49b4a7) Importer(815301076,1909f56bfc062723c751e8b465ee728b)
Start importing Assets/Dungeon/LowPolyDungeon/Prefabs/Tiles/Door_Iron_Left.prefab using Guid(03020aab9adeeb54f9194380cf49b4a7) Importer(815301076,1909f56bfc062723c751e8b465ee728b) (PreviewImporter) -> (artifact id: 'eb3546bca75727dc90a37763200d81b3') in 0.007301084 seconds
Number of updated asset objects reloaded before import = 0Number of asset objects unloaded after import = 11

========================================================================
Received Import Request.
  Time since last request: 0.000101 seconds.
  path: Assets/Dungeon/LowPolyDungeon/Prefabs/Tiles/Dungeon_Hall_Center_Stairs.prefab
  artifactKey: Guid(f4372e02dd0e54440977f29b6a4c317b) Importer(815301076,1909f56bfc062723c751e8b465ee728b)
Start importing Assets/Dungeon/LowPolyDungeon/Prefabs/Tiles/Dungeon_Hall_Center_Stairs.prefab using Guid(f4372e02dd0e54440977f29b6a4c317b) Importer(815301076,1909f56bfc062723c751e8b465ee728b) (PreviewImporter) -> (artifact id: 'f150d00afc6f4971cd4b9cb8a68187ec') in 0.007315708 seconds
Number of updated asset objects reloaded before import = 0Number of asset objects unloaded after import = 12

========================================================================
Received Import Request.
  Time since last request: 0.000038 seconds.
  path: Assets/Dungeon/LowPolyDungeon/Prefabs/Tiles/Dungeon_Custom_Border_Flat.prefab
  artifactKey: Guid(672e720ef69a65b44a71577cd7cc26ed) Importer(815301076,1909f56bfc062723c751e8b465ee728b)
Start importing Assets/Dungeon/LowPolyDungeon/Prefabs/Tiles/Dungeon_Custom_Border_Flat.prefab using Guid(672e720ef69a65b44a71577cd7cc26ed) Importer(815301076,1909f56bfc062723c751e8b465ee728b) (PreviewImporter) -> (artifact id: '7a218ca031a8dd4d50541fafa2e4cccf') in 0.007387167 seconds
Number of updated asset objects reloaded before import = 0Number of asset objects unloaded after import = 12

========================================================================
Received Import Request.
  Time since last request: 0.000034 seconds.
  path: Assets/Dungeon/LowPolyDungeon/Prefabs/Tiles/Dungeon_Hall_Corner.prefab
  artifactKey: Guid(d468aca3a4ae71b46a917597c89e70ac) Importer(815301076,1909f56bfc062723c751e8b465ee728b)
Start importing Assets/Dungeon/LowPolyDungeon/Prefabs/Tiles/Dungeon_Hall_Corner.prefab using Guid(d468aca3a4ae71b46a917597c89e70ac) Importer(815301076,1909f56bfc062723c751e8b465ee728b) (PreviewImporter) -> (artifact id: '320e881be7dc12703056300d25e6c679') in 0.007053625 seconds
Number of updated asset objects reloaded before import = 0Number of asset objects unloaded after import = 12

========================================================================
Received Import Request.
  Time since last request: 0.000044 seconds.
  path: Assets/Dungeon/LowPolyDungeon/Prefabs/Tiles/Basement_Var4.prefab
  artifactKey: Guid(303434915ff72994f860f6202a4ef5f5) Importer(815301076,1909f56bfc062723c751e8b465ee728b)
Start importing Assets/Dungeon/LowPolyDungeon/Prefabs/Tiles/Basement_Var4.prefab using Guid(303434915ff72994f860f6202a4ef5f5) Importer(815301076,1909f56bfc062723c751e8b465ee728b) (PreviewImporter) -> (artifact id: 'cac8cfa5976e08fbed7786952233e5e1') in 0.00789925 seconds
Number of updated asset objects reloaded before import = 0Number of asset objects unloaded after import = 16

========================================================================
Received Import Request.
  Time since last request: 0.000051 seconds.
  path: Assets/Dungeon/LowPolyDungeon/Prefabs/Tiles/Door_Wooden_Round_Left.prefab
  artifactKey: Guid(ba93fc15ee14dbf45b36696cb946115f) Importer(815301076,1909f56bfc062723c751e8b465ee728b)
Start importing Assets/Dungeon/LowPolyDungeon/Prefabs/Tiles/Door_Wooden_Round_Left.prefab using Guid(ba93fc15ee14dbf45b36696cb946115f) Importer(815301076,1909f56bfc062723c751e8b465ee728b) (PreviewImporter) -> (artifact id: '838e3675260f5bbcefa60df765c4fea7') in 0.007105791 seconds
Number of updated asset objects reloaded before import = 0Number of asset objects unloaded after import = 12

========================================================================
Received Import Request.
  Time since last request: 1.744219 seconds.
  path: Assets/Dungeon/LowPolyDungeon/Prefabs/Tiles/Dungeon_Passage.prefab
  artifactKey: Guid(b89b3b3efb3070240952a3335d270247) Importer(815301076,1909f56bfc062723c751e8b465ee728b)
Start importing Assets/Dungeon/LowPolyDungeon/Prefabs/Tiles/Dungeon_Passage.prefab using Guid(b89b3b3efb3070240952a3335d270247) Importer(815301076,1909f56bfc062723c751e8b465ee728b) (PreviewImporter) -> (artifact id: 'e64904e549a5aba1e2f9e072fe6e8d10') in 0.010933542 seconds
Number of updated asset objects reloaded before import = 0Number of asset objects unloaded after import = 11

========================================================================
Received Import Request.
  Time since last request: 0.000062 seconds.
  path: Assets/Dungeon/LowPolyDungeon/Prefabs/Tiles/Dungeon_Passage_Wood.prefab
  artifactKey: Guid(398fe532ee92e2b478e8fd465e800786) Importer(815301076,1909f56bfc062723c751e8b465ee728b)
Start importing Assets/Dungeon/LowPolyDungeon/Prefabs/Tiles/Dungeon_Passage_Wood.prefab using Guid(398fe532ee92e2b478e8fd465e800786) Importer(815301076,1909f56bfc062723c751e8b465ee728b) (PreviewImporter) -> (artifact id: '07439664382c3c392897968cfd15bbeb') in 0.008593583 seconds
Number of updated asset objects reloaded before import = 0Number of asset objects unloaded after import = 12

========================================================================
Received Import Request.
  Time since last request: 0.000055 seconds.
  path: Assets/Dungeon/LowPolyDungeon/Prefabs/Tiles/Dungeon_Wall_Var3.prefab
  artifactKey: Guid(8cda7687928e5174ea2627e48a3c6d69) Importer(815301076,1909f56bfc062723c751e8b465ee728b)
Start importing Assets/Dungeon/LowPolyDungeon/Prefabs/Tiles/Dungeon_Wall_Var3.prefab using Guid(8cda7687928e5174ea2627e48a3c6d69) Importer(815301076,1909f56bfc062723c751e8b465ee728b) (PreviewImporter) -> (artifact id: '7d7ea88dd704ff2a07e745c5d6b1b7cc') in 0.007117542 seconds
Number of updated asset objects reloaded before import = 0Number of asset objects unloaded after import = 11

========================================================================
Received Import Request.
  Time since last request: 0.000092 seconds.
  path: Assets/Dungeon/LowPolyDungeon/Prefabs/Tiles/Dungeon_Straight_14°.prefab
  artifactKey: Guid(6ed2c478f82171c4083dfd49cea2ac11) Importer(815301076,1909f56bfc062723c751e8b465ee728b)
Start importing Assets/Dungeon/LowPolyDungeon/Prefabs/Tiles/Dungeon_Straight_14°.prefab using Guid(6ed2c478f82171c4083dfd49cea2ac11) Importer(815301076,1909f56bfc062723c751e8b465ee728b) (PreviewImporter) -> (artifact id: 'ebc83c62ccf04bc4535f2f75bf05d59d') in 0.008332333 seconds
Number of updated asset objects reloaded before import = 0Number of asset objects unloaded after import = 12

========================================================================
Received Import Request.
  Time since last request: 0.000054 seconds.
  path: Assets/Dungeon/LowPolyDungeon/Prefabs/Tiles/FloorTIle.prefab
  artifactKey: Guid(0d780173c250d334f80c9061373c8e4f) Importer(815301076,1909f56bfc062723c751e8b465ee728b)
Start importing Assets/Dungeon/LowPolyDungeon/Prefabs/Tiles/FloorTIle.prefab using Guid(0d780173c250d334f80c9061373c8e4f) Importer(815301076,1909f56bfc062723c751e8b465ee728b) (PreviewImporter) -> (artifact id: '64c85783b29e498bd5a358d4bc4555f2') in 0.00817075 seconds
Number of updated asset objects reloaded before import = 0Number of asset objects unloaded after import = 11

========================================================================
Received Import Request.
  Time since last request: 0.248948 seconds.
  path: Assets/Dungeon/LowPolyDungeon/Prefabs/Tiles/Hallway_Curve_Short.prefab
  artifactKey: Guid(ea89d7821ddb211478ce5ff6f3ea064d) Importer(815301076,1909f56bfc062723c751e8b465ee728b)
Start importing Assets/Dungeon/LowPolyDungeon/Prefabs/Tiles/Hallway_Curve_Short.prefab using Guid(ea89d7821ddb211478ce5ff6f3ea064d) Importer(815301076,1909f56bfc062723c751e8b465ee728b) (PreviewImporter) -> (artifact id: 'ea0cf70263af7f3d42c97438a72bf778') in 0.008610542 seconds
Number of updated asset objects reloaded before import = 0Number of asset objects unloaded after import = 12

========================================================================
Received Import Request.
  Time since last request: 0.000057 seconds.
  path: Assets/Dungeon/LowPolyDungeon/Prefabs/Tiles/Hallway_Double.prefab
  artifactKey: Guid(7e2b134344aa7c0449b99d1a47be113a) Importer(815301076,1909f56bfc062723c751e8b465ee728b)
Start importing Assets/Dungeon/LowPolyDungeon/Prefabs/Tiles/Hallway_Double.prefab using Guid(7e2b134344aa7c0449b99d1a47be113a) Importer(815301076,1909f56bfc062723c751e8b465ee728b) (PreviewImporter) -> (artifact id: 'aaa298da20974fab6ba7a8330a6b2472') in 0.007654667 seconds
Number of updated asset objects reloaded before import = 0Number of asset objects unloaded after import = 12

========================================================================
Received Import Request.
  Time since last request: 0.000051 seconds.
  path: Assets/Dungeon/LowPolyDungeon/Prefabs/Tiles/Hallway_Quarter.prefab
  artifactKey: Guid(a85a6c2c6af086848b326146d8a3b6c2) Importer(815301076,1909f56bfc062723c751e8b465ee728b)
Start importing Assets/Dungeon/LowPolyDungeon/Prefabs/Tiles/Hallway_Quarter.prefab using Guid(a85a6c2c6af086848b326146d8a3b6c2) Importer(815301076,1909f56bfc062723c751e8b465ee728b) (PreviewImporter) -> (artifact id: 'b23093ba599d193c5789a801c868b504') in 0.007003792 seconds
Number of updated asset objects reloaded before import = 0Number of asset objects unloaded after import = 12

========================================================================
Received Import Request.
  Time since last request: 0.000050 seconds.
  path: Assets/Dungeon/LowPolyDungeon/Prefabs/Tiles/HoleFix_Half.prefab
  artifactKey: Guid(4cd248ecb5dd495468c0a783da4a4ae9) Importer(815301076,1909f56bfc062723c751e8b465ee728b)
Start importing Assets/Dungeon/LowPolyDungeon/Prefabs/Tiles/HoleFix_Half.prefab using Guid(4cd248ecb5dd495468c0a783da4a4ae9) Importer(815301076,1909f56bfc062723c751e8b465ee728b) (PreviewImporter) -> (artifact id: '0bd90fa4f00e2b0c189697da2a06f4a9') in 0.006627458 seconds
Number of updated asset objects reloaded before import = 0Number of asset objects unloaded after import = 11

========================================================================
Received Import Request.
  Time since last request: 0.168779 seconds.
  path: Assets/Dungeon/LowPolyDungeon/Prefabs/Tiles/Jail_Door_Right.prefab
  artifactKey: Guid(8b2ac275d28767a4bbd00fec5cb82b8b) Importer(815301076,1909f56bfc062723c751e8b465ee728b)
Start importing Assets/Dungeon/LowPolyDungeon/Prefabs/Tiles/Jail_Door_Right.prefab using Guid(8b2ac275d28767a4bbd00fec5cb82b8b) Importer(815301076,1909f56bfc062723c751e8b465ee728b) (PreviewImporter) -> (artifact id: '125f494f1f6748ea6d8a052ea3ea8647') in 0.007050458 seconds
Number of updated asset objects reloaded before import = 0Number of asset objects unloaded after import = 11

========================================================================
Received Import Request.
  Time since last request: 0.000045 seconds.
  path: Assets/Dungeon/LowPolyDungeon/Prefabs/Tiles/Portcullis_Wood.prefab
  artifactKey: Guid(da389f98d36554042874cf88abbff5ef) Importer(815301076,1909f56bfc062723c751e8b465ee728b)
Start importing Assets/Dungeon/LowPolyDungeon/Prefabs/Tiles/Portcullis_Wood.prefab using Guid(da389f98d36554042874cf88abbff5ef) Importer(815301076,1909f56bfc062723c751e8b465ee728b) (PreviewImporter) -> (artifact id: '449dd56e93fb0ded93fd87d22b6c289a') in 0.0080915 seconds
Number of updated asset objects reloaded before import = 0Number of asset objects unloaded after import = 12

========================================================================
Received Import Request.
  Time since last request: 0.000043 seconds.
  path: Assets/Dungeon/LowPolyDungeon/Prefabs/Tiles/Jail_Wall.prefab
  artifactKey: Guid(cc9f980ee3a12ab49af49ee894ebd89a) Importer(815301076,1909f56bfc062723c751e8b465ee728b)
Start importing Assets/Dungeon/LowPolyDungeon/Prefabs/Tiles/Jail_Wall.prefab using Guid(cc9f980ee3a12ab49af49ee894ebd89a) Importer(815301076,1909f56bfc062723c751e8b465ee728b) (PreviewImporter) -> (artifact id: 'ae4ed7d818c704e280f17253f4530c85') in 0.007689167 seconds
Number of updated asset objects reloaded before import = 0Number of asset objects unloaded after import = 11

========================================================================
Received Import Request.
  Time since last request: 0.000136 seconds.
  path: Assets/Dungeon/LowPolyDungeon/Prefabs/Tiles/Stairs_High.prefab
  artifactKey: Guid(1e5e6584f4b365c49a0edc23ccafc87b) Importer(815301076,1909f56bfc062723c751e8b465ee728b)
Start importing Assets/Dungeon/LowPolyDungeon/Prefabs/Tiles/Stairs_High.prefab using Guid(1e5e6584f4b365c49a0edc23ccafc87b) Importer(815301076,1909f56bfc062723c751e8b465ee728b) (PreviewImporter) -> (artifact id: 'c18f538dff0d69f499244c818c83df73') in 0.009174166 seconds
Number of updated asset objects reloaded before import = 0Number of asset objects unloaded after import = 12

========================================================================
Received Import Request.
  Time since last request: 0.000051 seconds.
  path: Assets/Dungeon/LowPolyDungeon/Prefabs/Tiles/Portcullis_Metal.prefab
  artifactKey: Guid(2bde22b421d566c4d8da5d70dd666204) Importer(815301076,1909f56bfc062723c751e8b465ee728b)
Start importing Assets/Dungeon/LowPolyDungeon/Prefabs/Tiles/Portcullis_Metal.prefab using Guid(2bde22b421d566c4d8da5d70dd666204) Importer(815301076,1909f56bfc062723c751e8b465ee728b) (PreviewImporter) -> (artifact id: 'e4edd01e194545f6250d76437f34d9d5') in 0.01014125 seconds
Number of updated asset objects reloaded before import = 0Number of asset objects unloaded after import = 11

========================================================================
Received Import Request.
  Time since last request: 0.466496 seconds.
  path: Assets/Dungeon/LowPolyDungeon/Prefabs/Tiles/Steps_Small.prefab
  artifactKey: Guid(bca29393fb49e1e4d862950ab1749426) Importer(815301076,1909f56bfc062723c751e8b465ee728b)
Start importing Assets/Dungeon/LowPolyDungeon/Prefabs/Tiles/Steps_Small.prefab using Guid(bca29393fb49e1e4d862950ab1749426) Importer(815301076,1909f56bfc062723c751e8b465ee728b) (PreviewImporter) -> (artifact id: '2b40d50cfb5d98ddbbfcf57ad0128c55') in 0.008862333 seconds
Number of updated asset objects reloaded before import = 0Number of asset objects unloaded after import = 11

========================================================================
Received Import Request.
  Time since last request: 25.968486 seconds.
  path: Assets/Dungeon/LowPolyDungeon/Prefabs/Clutter/Beaker_Empty.prefab
  artifactKey: Guid(3f45d89cb0c87854fbda8401ab35e5ca) Importer(815301076,1909f56bfc062723c751e8b465ee728b)
Start importing Assets/Dungeon/LowPolyDungeon/Prefabs/Clutter/Beaker_Empty.prefab using Guid(3f45d89cb0c87854fbda8401ab35e5ca) Importer(815301076,1909f56bfc062723c751e8b465ee728b) (PreviewImporter) -> (artifact id: '5c57b8f377c0c3acb13dc0194e7bdf61') in 0.583767334 seconds
Number of updated asset objects reloaded before import = 0Number of asset objects unloaded after import = 10

========================================================================
Received Import Request.
  Time since last request: 0.000118 seconds.
  path: Assets/Dungeon/LowPolyDungeon/Prefabs/Clutter/Book_Brown.prefab
  artifactKey: Guid(20dc69066f16acc48b952aed5b788376) Importer(815301076,1909f56bfc062723c751e8b465ee728b)
Start importing Assets/Dungeon/LowPolyDungeon/Prefabs/Clutter/Book_Brown.prefab using Guid(20dc69066f16acc48b952aed5b788376) Importer(815301076,1909f56bfc062723c751e8b465ee728b) (PreviewImporter) -> (artifact id: '0b214a912dd7bd8ac056734f0b0c8e88') in 0.008537416 seconds
Number of updated asset objects reloaded before import = 0Number of asset objects unloaded after import = 11

========================================================================
Received Import Request.
  Time since last request: 0.000176 seconds.
  path: Assets/Dungeon/LowPolyDungeon/Prefabs/Clutter/Book_Open.prefab
  artifactKey: Guid(6353832c19eb9674b8143b16ab17c820) Importer(815301076,1909f56bfc062723c751e8b465ee728b)
Start importing Assets/Dungeon/LowPolyDungeon/Prefabs/Clutter/Book_Open.prefab using Guid(6353832c19eb9674b8143b16ab17c820) Importer(815301076,1909f56bfc062723c751e8b465ee728b) (PreviewImporter) -> (artifact id: '07066f485530dd53b9ccb5da79578302') in 0.00772325 seconds
Number of updated asset objects reloaded before import = 0Number of asset objects unloaded after import = 11

========================================================================
Received Import Request.
  Time since last request: 0.000314 seconds.
  path: Assets/Dungeon/LowPolyDungeon/Prefabs/Clutter/Bottle.prefab
  artifactKey: Guid(3afb8732572259f48b225fe84c54f700) Importer(815301076,1909f56bfc062723c751e8b465ee728b)
Start importing Assets/Dungeon/LowPolyDungeon/Prefabs/Clutter/Bottle.prefab using Guid(3afb8732572259f48b225fe84c54f700) Importer(815301076,1909f56bfc062723c751e8b465ee728b) (PreviewImporter) -> (artifact id: '9c517aa3ddc42e5671bbd132d3933c26') in 0.008252084 seconds
Number of updated asset objects reloaded before import = 0Number of asset objects unloaded after import = 11

========================================================================
Received Import Request.
  Time since last request: 0.000047 seconds.
  path: Assets/Dungeon/LowPolyDungeon/Prefabs/Clutter/Book_Big_Green.prefab
  artifactKey: Guid(52cfc34cb5ec6b84bb03dc381684a09a) Importer(815301076,1909f56bfc062723c751e8b465ee728b)
Start importing Assets/Dungeon/LowPolyDungeon/Prefabs/Clutter/Book_Big_Green.prefab using Guid(52cfc34cb5ec6b84bb03dc381684a09a) Importer(815301076,1909f56bfc062723c751e8b465ee728b) (PreviewImporter) -> (artifact id: '57b8e24e0fed9f495c2b6a0ee494cb73') in 0.010366666 seconds
Number of updated asset objects reloaded before import = 0Number of asset objects unloaded after import = 11

========================================================================
Received Import Request.
  Time since last request: 0.000158 seconds.
  path: Assets/Dungeon/LowPolyDungeon/Prefabs/Clutter/Cauldron_Small.prefab
  artifactKey: Guid(429d9f80ea6c7c1499a60be9a65c2613) Importer(815301076,1909f56bfc062723c751e8b465ee728b)
Start importing Assets/Dungeon/LowPolyDungeon/Prefabs/Clutter/Cauldron_Small.prefab using Guid(429d9f80ea6c7c1499a60be9a65c2613) Importer(815301076,1909f56bfc062723c751e8b465ee728b) (PreviewImporter) -> (artifact id: 'aa750dab7ae2d95c85811a6f4ff3441c') in 0.010789625 seconds
Number of updated asset objects reloaded before import = 0Number of asset objects unloaded after import = 10

========================================================================
Received Import Request.
  Time since last request: 0.000093 seconds.
  path: Assets/Dungeon/LowPolyDungeon/Prefabs/Clutter/Bread.prefab
  artifactKey: Guid(4b48cd2d69a24d841b47ccfba166e395) Importer(815301076,1909f56bfc062723c751e8b465ee728b)
Start importing Assets/Dungeon/LowPolyDungeon/Prefabs/Clutter/Bread.prefab using Guid(4b48cd2d69a24d841b47ccfba166e395) Importer(815301076,1909f56bfc062723c751e8b465ee728b) (PreviewImporter) -> (artifact id: '9749a8d85aee8374f57db4cae951a62f') in 0.006549542 seconds
Number of updated asset objects reloaded before import = 0Number of asset objects unloaded after import = 10

========================================================================
Received Import Request.
  Time since last request: 0.000056 seconds.
  path: Assets/Dungeon/LowPolyDungeon/Prefabs/Clutter/Book_Big_Brown.prefab
  artifactKey: Guid(2569a62b0421feb4fbb320665445719f) Importer(815301076,1909f56bfc062723c751e8b465ee728b)
Start importing Assets/Dungeon/LowPolyDungeon/Prefabs/Clutter/Book_Big_Brown.prefab using Guid(2569a62b0421feb4fbb320665445719f) Importer(815301076,1909f56bfc062723c751e8b465ee728b) (PreviewImporter) -> (artifact id: 'e072fe47ebf0e35dcaa4c94abebc0120') in 0.005971917 seconds
Number of updated asset objects reloaded before import = 0Number of asset objects unloaded after import = 11

========================================================================
Received Import Request.
  Time since last request: 0.000077 seconds.
  path: Assets/Dungeon/LowPolyDungeon/Prefabs/Clutter/Bowl.prefab
  artifactKey: Guid(3c1e991e5a0b47a44aeb37bfdea11de9) Importer(815301076,1909f56bfc062723c751e8b465ee728b)
Start importing Assets/Dungeon/LowPolyDungeon/Prefabs/Clutter/Bowl.prefab using Guid(3c1e991e5a0b47a44aeb37bfdea11de9) Importer(815301076,1909f56bfc062723c751e8b465ee728b) (PreviewImporter) -> (artifact id: '9a97e8ff957e4eafc338f4294596cf08') in 0.005894709 seconds
Number of updated asset objects reloaded before import = 0Number of asset objects unloaded after import = 10

========================================================================
Received Import Request.
  Time since last request: 0.000045 seconds.
  path: Assets/Dungeon/LowPolyDungeon/Prefabs/Clutter/Beaker_Full_Var1.prefab
  artifactKey: Guid(6e0bde38fc030774cb8444009c09e62c) Importer(815301076,1909f56bfc062723c751e8b465ee728b)
Start importing Assets/Dungeon/LowPolyDungeon/Prefabs/Clutter/Beaker_Full_Var1.prefab using Guid(6e0bde38fc030774cb8444009c09e62c) Importer(815301076,1909f56bfc062723c751e8b465ee728b) (PreviewImporter) -> (artifact id: 'b1b13d73e6c78c7bf1b64a52d872a46a') in 0.34516925 seconds
Number of updated asset objects reloaded before import = 0Number of asset objects unloaded after import = 11

========================================================================
Received Import Request.
  Time since last request: 0.000058 seconds.
  path: Assets/Dungeon/LowPolyDungeon/Prefabs/Clutter/Bowl_Full.prefab
  artifactKey: Guid(9635f07bd7be9e44b89ea08e54684f8e) Importer(815301076,1909f56bfc062723c751e8b465ee728b)
Start importing Assets/Dungeon/LowPolyDungeon/Prefabs/Clutter/Bowl_Full.prefab using Guid(9635f07bd7be9e44b89ea08e54684f8e) Importer(815301076,1909f56bfc062723c751e8b465ee728b) (PreviewImporter) -> (artifact id: 'ac5f0d5333954f885da792efa93c3a0b') in 0.011314166 seconds
Number of updated asset objects reloaded before import = 0Number of asset objects unloaded after import = 11

========================================================================
Received Import Request.
  Time since last request: 2.755936 seconds.
  path: Assets/Dungeon/LowPolyDungeon/Prefabs/Clutter/Goblet.prefab
  artifactKey: Guid(067b8662dc709ba4da3ef3fd87604af9) Importer(815301076,1909f56bfc062723c751e8b465ee728b)
Start importing Assets/Dungeon/LowPolyDungeon/Prefabs/Clutter/Goblet.prefab using Guid(067b8662dc709ba4da3ef3fd87604af9) Importer(815301076,1909f56bfc062723c751e8b465ee728b) (PreviewImporter) -> (artifact id: '709e33964c7925b603542ce4688a4f5f') in 0.015593291 seconds
Number of updated asset objects reloaded before import = 0Number of asset objects unloaded after import = 10

========================================================================
Received Import Request.
  Time since last request: 0.000055 seconds.
  path: Assets/Dungeon/LowPolyDungeon/Prefabs/Clutter/Ivy_Leaf.prefab
  artifactKey: Guid(464587446a6b1ac4f8c64864139e9f85) Importer(815301076,1909f56bfc062723c751e8b465ee728b)
Start importing Assets/Dungeon/LowPolyDungeon/Prefabs/Clutter/Ivy_Leaf.prefab using Guid(464587446a6b1ac4f8c64864139e9f85) Importer(815301076,1909f56bfc062723c751e8b465ee728b) (PreviewImporter) -> (artifact id: '0821e64de82cf4b8af5557b69405a57c') in 0.006523583 seconds
Number of updated asset objects reloaded before import = 0Number of asset objects unloaded after import = 10

========================================================================
Received Import Request.
  Time since last request: 0.000051 seconds.
  path: Assets/Dungeon/LowPolyDungeon/Prefabs/Clutter/Ivy_Branch.prefab
  artifactKey: Guid(c5bbeb82695369241958e411b793cd47) Importer(815301076,1909f56bfc062723c751e8b465ee728b)
Start importing Assets/Dungeon/LowPolyDungeon/Prefabs/Clutter/Ivy_Branch.prefab using Guid(c5bbeb82695369241958e411b793cd47) Importer(815301076,1909f56bfc062723c751e8b465ee728b) (PreviewImporter) -> (artifact id: 'adc73da17c3382e357946fb78729bcc4') in 0.006606583 seconds
Number of updated asset objects reloaded before import = 0Number of asset objects unloaded after import = 10

========================================================================
Received Import Request.
  Time since last request: 0.000036 seconds.
  path: Assets/Dungeon/LowPolyDungeon/Prefabs/Clutter/Jug.prefab
  artifactKey: Guid(f3fb1271ede9bf8469d8b99637b77b42) Importer(815301076,1909f56bfc062723c751e8b465ee728b)
Start importing Assets/Dungeon/LowPolyDungeon/Prefabs/Clutter/Jug.prefab using Guid(f3fb1271ede9bf8469d8b99637b77b42) Importer(815301076,1909f56bfc062723c751e8b465ee728b) (PreviewImporter) -> (artifact id: '6a158c9e6b0c4ab9d00652212f851822') in 0.008666 seconds
Number of updated asset objects reloaded before import = 0Number of asset objects unloaded after import = 10

========================================================================
Received Import Request.
  Time since last request: 1.643253 seconds.
  path: Assets/Dungeon/LowPolyDungeon/Prefabs/Clutter/Lock.prefab
  artifactKey: Guid(f101a2b4504c3d04a95511ba8b3543e3) Importer(815301076,1909f56bfc062723c751e8b465ee728b)
Start importing Assets/Dungeon/LowPolyDungeon/Prefabs/Clutter/Lock.prefab using Guid(f101a2b4504c3d04a95511ba8b3543e3) Importer(815301076,1909f56bfc062723c751e8b465ee728b) (PreviewImporter) -> (artifact id: '17896fb2d1693ee90a8ae5f440e619fe') in 0.010251834 seconds
Number of updated asset objects reloaded before import = 0Number of asset objects unloaded after import = 10

========================================================================
Received Import Request.
  Time since last request: 0.000055 seconds.
  path: Assets/Dungeon/LowPolyDungeon/Prefabs/Clutter/Potato.prefab
  artifactKey: Guid(fbd964f5dc556d64daede200dc2e89d0) Importer(815301076,1909f56bfc062723c751e8b465ee728b)
Start importing Assets/Dungeon/LowPolyDungeon/Prefabs/Clutter/Potato.prefab using Guid(fbd964f5dc556d64daede200dc2e89d0) Importer(815301076,1909f56bfc062723c751e8b465ee728b) (PreviewImporter) -> (artifact id: '87a470faf82f4842dc715fc3dfc1d062') in 0.010607875 seconds
Number of updated asset objects reloaded before import = 0Number of asset objects unloaded after import = 10

========================================================================
Received Import Request.
  Time since last request: 0.000041 seconds.
  path: Assets/Dungeon/LowPolyDungeon/Prefabs/Clutter/Potion_Red.prefab
  artifactKey: Guid(a84a636a35a83fe408bd4b3d8c2b8058) Importer(815301076,1909f56bfc062723c751e8b465ee728b)
Start importing Assets/Dungeon/LowPolyDungeon/Prefabs/Clutter/Potion_Red.prefab using Guid(a84a636a35a83fe408bd4b3d8c2b8058) Importer(815301076,1909f56bfc062723c751e8b465ee728b) (PreviewImporter) -> (artifact id: 'd0bf0cbc4e4a6b5a9c26f97014549068') in 0.006375458 seconds
Number of updated asset objects reloaded before import = 0Number of asset objects unloaded after import = 11

========================================================================
Received Import Request.
  Time since last request: 0.000077 seconds.
  path: Assets/Dungeon/LowPolyDungeon/Prefabs/Clutter/Potion_Blue.prefab
  artifactKey: Guid(dfa07040f3b61f648bc8ad1291f6cbdb) Importer(815301076,1909f56bfc062723c751e8b465ee728b)
Start importing Assets/Dungeon/LowPolyDungeon/Prefabs/Clutter/Potion_Blue.prefab using Guid(dfa07040f3b61f648bc8ad1291f6cbdb) Importer(815301076,1909f56bfc062723c751e8b465ee728b) (PreviewImporter) -> (artifact id: '02417082fd8ba018962180c4165449b1') in 0.015039125 seconds
Number of updated asset objects reloaded before import = 0Number of asset objects unloaded after import = 11

========================================================================
Received Import Request.
  Time since last request: 9.690183 seconds.
  path: Assets/Dungeon/LowPolyDungeon/Prefabs/Clutter/Scroll_Big.prefab
  artifactKey: Guid(16e7a0741a070bb47bebfd085ef8cddf) Importer(815301076,1909f56bfc062723c751e8b465ee728b)
Start importing Assets/Dungeon/LowPolyDungeon/Prefabs/Clutter/Scroll_Big.prefab using Guid(16e7a0741a070bb47bebfd085ef8cddf) Importer(815301076,1909f56bfc062723c751e8b465ee728b) (PreviewImporter) -> (artifact id: '3a987d7a624c3fc37840374149b824b5') in 0.010460917 seconds
Number of updated asset objects reloaded before import = 0Number of asset objects unloaded after import = 10

========================================================================
Received Import Request.
  Time since last request: 0.000073 seconds.
  path: Assets/Dungeon/LowPolyDungeon/Prefabs/Clutter/Scroll_Elder.prefab
  artifactKey: Guid(5bdc879930154d4469c6a66a2e552eba) Importer(815301076,1909f56bfc062723c751e8b465ee728b)
Start importing Assets/Dungeon/LowPolyDungeon/Prefabs/Clutter/Scroll_Elder.prefab using Guid(5bdc879930154d4469c6a66a2e552eba) Importer(815301076,1909f56bfc062723c751e8b465ee728b) (PreviewImporter) -> (artifact id: '5b4db221b4111ed1cd01a06c75c0dee1') in 0.007722375 seconds
Number of updated asset objects reloaded before import = 0Number of asset objects unloaded after import = 11

========================================================================
Received Import Request.
  Time since last request: 0.000053 seconds.
  path: Assets/Dungeon/LowPolyDungeon/Prefabs/Clutter/Scroll_Small.prefab
  artifactKey: Guid(113a04b44464ee141bd913e9283f2f5e) Importer(815301076,1909f56bfc062723c751e8b465ee728b)
Start importing Assets/Dungeon/LowPolyDungeon/Prefabs/Clutter/Scroll_Small.prefab using Guid(113a04b44464ee141bd913e9283f2f5e) Importer(815301076,1909f56bfc062723c751e8b465ee728b) (PreviewImporter) -> (artifact id: '1dbefb339b3d9de67620ff721cd0ca72') in 0.012844792 seconds
Number of updated asset objects reloaded before import = 0Number of asset objects unloaded after import = 10

========================================================================
Received Import Request.
  Time since last request: 0.000064 seconds.
  path: Assets/Dungeon/LowPolyDungeon/Prefabs/Clutter/Skull.prefab
  artifactKey: Guid(a13b8883072533940b5bcfde3cbc03a0) Importer(815301076,1909f56bfc062723c751e8b465ee728b)
Start importing Assets/Dungeon/LowPolyDungeon/Prefabs/Clutter/Skull.prefab using Guid(a13b8883072533940b5bcfde3cbc03a0) Importer(815301076,1909f56bfc062723c751e8b465ee728b) (PreviewImporter) -> (artifact id: 'a6304a65f4d126b070c113647fb818d9') in 0.008883417 seconds
Number of updated asset objects reloaded before import = 0Number of asset objects unloaded after import = 10

========================================================================
Received Import Request.
  Time since last request: 0.787578 seconds.
  path: Assets/Dungeon/LowPolyDungeon/Prefabs/Clutter/Tree_Branch.prefab
  artifactKey: Guid(bbd85e700f0f23546bfd0547bf83ad02) Importer(815301076,1909f56bfc062723c751e8b465ee728b)
Start importing Assets/Dungeon/LowPolyDungeon/Prefabs/Clutter/Tree_Branch.prefab using Guid(bbd85e700f0f23546bfd0547bf83ad02) Importer(815301076,1909f56bfc062723c751e8b465ee728b) (PreviewImporter) -> (artifact id: '594159c8b62588767e419bd423c1984f') in 0.008616167 seconds
Number of updated asset objects reloaded before import = 0Number of asset objects unloaded after import = 10

Editor requested this worker to shutdown with reason: Scaling down because of idle timeout
AssetImportWorkerClient::OnTransportError - code=2 error=End of file
AssetImportWorker is now disconnected from the server
Process exiting
